// Jest Snapshot v1, https://goo.gl/fbAQLP

exports[`Update Movie rendering navigating should render page correctly 1`] = `
<div
  className="container my-4"
>
  <div
    className="row"
  >
    <div
      className="col-md-8 mx-auto rounded border p-4"
    >
      <h2
        className="text-center mb-5"
      >
        Edit Movie
      </h2>
      <div
        className="row mb-3"
      >
        <label
          className="col-sm-4 col-form-label"
        >
          ID
        </label>
        <div
          className="col-sm-8"
        >
          <input
            className="form-control-plaintext"
            readOnly={true}
          />
        </div>
      </div>
      <form
        aria-label="form"
        onSubmit={[Function]}
      >
        <div
          className="row mb-3"
        >
          <label
            className="col-sm-4 col-form-label"
          >
            Title
          </label>
          <div
            className="col-sm-8"
          >
            <input
              aria-label="title"
              className="form-control"
              id="original_title"
              name="original_title"
            />
            <span
              className="text-danger"
            />
          </div>
        </div>
        <div
          className="row mb-3"
        >
          <label
            className="col-sm-4 col-form-label"
          >
            Rating
          </label>
          <div
            className="col-sm-8"
          >
            <input
              aria-label="rating"
              className="form-control"
              name="vote_average"
              type="number"
            />
            <span
              className="text-danger"
            />
          </div>
        </div>
        <div
          className="row mb-3"
        >
          <label
            className="col-sm-4 col-form-label"
          >
            Release Date
          </label>
          <div
            className="col-sm-8"
          >
            <input
              aria-label="date"
              className="form-control"
              name="release_date"
            />
            <span
              className="text-danger"
            />
          </div>
        </div>
        <div
          className="row mb-3"
        >
          <label
            className="col-sm-4 col-form-label"
          >
            Description
          </label>
          <div
            className="col-sm-8"
          >
            <textarea
              aria-label="overview"
              className="form-control"
              name="overview"
              rows={3}
            />
            <span
              className="text-danger"
            />
          </div>
        </div>
        <div
          className="row mb-3"
        >
          <label
            className="col-sm-4 col-form-label"
          >
            Image
          </label>
          <div
            className="col-sm-8"
          >
            <img
              src="https://image.tmdb.org/t/p/w1280undefined"
              width="200"
            />
            <input
              aria-label="image"
              className="form-control mt-4"
              name="image"
              type="file"
            />
            <span
              className="text-danger"
            />
          </div>
        </div>
        <div
          className="row"
        >
          <div
            className="offset-sm-4 col-sm-4 d-grid"
          >
            <button
              className="btn btn-primary"
              type="submit"
            >
              Submit
            </button>
          </div>
          <div
            className="col-sm-4 d-grid"
          >
            <a
              aria-label="link"
              className="btn btn-secondary"
              href="/admin/movies"
              onClick={[Function]}
              role="button"
            >
              Cancel
            </a>
          </div>
        </div>
      </form>
    </div>
  </div>
</div>
`;
